../Core/Src/LCD_Driver.c:33:6:LCD_GPIO_Init	56	static
../Core/Src/LCD_Driver.c:116:6:LTCD_Layer_Init	72	static
../Core/Src/LCD_Driver.c:143:6:clearScreen	8	static
../Core/Src/LCD_Driver.c:148:6:LTCD__Init	8	static
../Core/Src/LCD_Driver.c:207:6:LCD_Draw_Pixel	16	static
../Core/Src/LCD_Driver.c:217:6:LCD_Draw_Circle_Fill	32	static
../Core/Src/LCD_Driver.c:231:6:LCD_Draw_Rectangle_Fill	32	static
../Core/Src/LCD_Driver.c:243:6:LCD_Draw_Square_Fill	32	static
../Core/Src/LCD_Driver.c:256:6:LCD_Draw_Vertical_Line	32	static
../Core/Src/LCD_Driver.c:264:6:LCD_Clear	24	static
../Core/Src/LCD_Driver.c:275:6:LCD_SetTextColor	16	static
../Core/Src/LCD_Driver.c:281:6:LCD_SetFont	16	static
../Core/Src/LCD_Driver.c:287:6:LCD_Draw_Char	24	static
../Core/Src/LCD_Driver.c:307:6:LCD_DisplayChar	16	static
../Core/Src/LCD_Driver.c:313:6:drawO	16	static
../Core/Src/LCD_Driver.c:325:6:drawZ	16	static
../Core/Src/LCD_Driver.c:336:6:drawS	16	static
../Core/Src/LCD_Driver.c:347:6:drawI	16	static
../Core/Src/LCD_Driver.c:358:6:drawL	16	static
../Core/Src/LCD_Driver.c:369:6:drawJ	16	static
../Core/Src/LCD_Driver.c:380:6:drawT	16	static
../Core/Src/LCD_Driver.c:391:6:menuScreen	8	static
../Core/Src/LCD_Driver.c:419:6:playScreen	16	static
../Core/Src/LCD_Driver.c:425:6:visualDemo	16	static
../Core/Src/LCD_Driver.c:475:6:LCD_Error_Handler	4	static,ignoring_inline_asm
